::1 - - [03/Jun/2026 16:19:13] "GET / HTTP/1.1" 200 -
::1 - - [03/Jun/2026 16:19:32] "GET / HTTP/1.1" 200 -
::1 - - [03/Jun/2026 16:19:57] "GET / HTTP/1.1" 200 -
::1 - - [03/Jun/2026 16:19:57] "GET /style.css HTTP/1.1" 200 -
::1 - - [03/Jun/2026 16:19:57] "GET /app.js HTTP/1.1" 200 -
::1 - - [03/Jun/2026 16:19:57] "GET /datasets/index.json HTTP/1.1" 200 -
::1 - - [03/Jun/2026 16:19:57] "GET /datasets/escooter.summary.json HTTP/1.1" 200 -
::1 - - [03/Jun/2026 16:19:57] "GET /datasets/pedestrian.summary.json HTTP/1.1" 200 -
::1 - - [03/Jun/2026 16:19:57] "GET /datasets/pedestrian.records-index.json HTTP/1.1" 200 -
::1 - - [03/Jun/2026 16:19:58] "GET /datasets/cards/pedestrian/cards-000.json HTTP/1.1" 200 -
::1 - - [03/Jun/2026 16:19:58] "GET /datasets/records/pedestrian/records-000.json HTTP/1.1" 200 -
::1 - - [03/Jun/2026 16:20:41] "GET / HTTP/1.1" 200 -
::1 - - [03/Jun/2026 16:20:41] "GET /style.css HTTP/1.1" 200 -
::1 - - [03/Jun/2026 16:20:41] "GET /app.js HTTP/1.1" 200 -
::1 - - [03/Jun/2026 16:20:41] "GET /datasets/index.json HTTP/1.1" 200 -
::1 - - [03/Jun/2026 16:20:41] "GET /datasets/escooter.summary.json HTTP/1.1" 200 -
::1 - - [03/Jun/2026 16:20:41] "GET /datasets/pedestrian.summary.json HTTP/1.1" 200 -
::1 - - [03/Jun/2026 16:20:41] "GET / HTTP/1.1" 200 -
::1 - - [03/Jun/2026 16:20:41] "GET /style.css HTTP/1.1" 200 -
::1 - - [03/Jun/2026 16:20:46] "GET / HTTP/1.1" 200 -
::1 - - [03/Jun/2026 16:20:47] "GET /style.css HTTP/1.1" 200 -
::1 - - [03/Jun/2026 16:20:47] "GET /app.js HTTP/1.1" 200 -
::1 - - [03/Jun/2026 16:20:47] "GET /datasets/index.json HTTP/1.1" 200 -
::1 - - [03/Jun/2026 16:20:47] "GET / HTTP/1.1" 200 -
::1 - - [03/Jun/2026 16:20:47] "GET /datasets/escooter.summary.json HTTP/1.1" 200 -
::1 - - [03/Jun/2026 16:20:47] "GET /datasets/pedestrian.summary.json HTTP/1.1" 200 -
::1 - - [03/Jun/2026 16:20:47] code 404, message File not found
::1 - - [03/Jun/2026 16:20:47] "GET /favicon.ico HTTP/1.1" 404 -
::1 - - [03/Jun/2026 16:21:58] "GET /datasets/pedestrian.records-index.json HTTP/1.1" 200 -
::1 - - [03/Jun/2026 16:21:58] "GET /datasets/cards/pedestrian/cards-000.json HTTP/1.1" 200 -
::1 - - [03/Jun/2026 16:21:58] "GET /datasets/records/pedestrian/records-000.json HTTP/1.1" 200 -
::1 - - [03/Jun/2026 16:22:08] "GET /datasets/cards/pedestrian/cards-001.json HTTP/1.1" 200 -
::1 - - [03/Jun/2026 16:22:08] "GET /datasets/cards/pedestrian/cards-005.json HTTP/1.1" 200 -
::1 - - [03/Jun/2026 16:22:08] "GET /datasets/cards/pedestrian/cards-004.json HTTP/1.1" 200 -
::1 - - [03/Jun/2026 16:22:08] "GET /datasets/cards/pedestrian/cards-003.json HTTP/1.1" 200 -
::1 - - [03/Jun/2026 16:22:08] "GET /datasets/cards/pedestrian/cards-006.json HTTP/1.1" 200 -
::1 - - [03/Jun/2026 16:22:08] "GET /datasets/cards/pedestrian/cards-002.json HTTP/1.1" 200 -
::1 - - [03/Jun/2026 16:22:08] "GET /datasets/cards/pedestrian/cards-009.json HTTP/1.1" 200 -
::1 - - [03/Jun/2026 16:22:08] "GET /datasets/cards/pedestrian/cards-007.json HTTP/1.1" 200 -
::1 - - [03/Jun/2026 16:22:08] "GET /datasets/cards/pedestrian/cards-008.json HTTP/1.1" 200 -
::1 - - [03/Jun/2026 16:22:08] "GET /datasets/cards/pedestrian/cards-010.json HTTP/1.1" 200 -
::1 - - [03/Jun/2026 16:22:39] "GET /datasets/escooter.records-index.json HTTP/1.1" 200 -
::1 - - [03/Jun/2026 16:22:39] "GET /datasets/cards/escooter/cards-000.json HTTP/1.1" 200 -
::1 - - [03/Jun/2026 16:22:39] "GET /datasets/records/escooter/records-000.json HTTP/1.1" 200 -
::1 - - [03/Jun/2026 16:23:47] "GET /datasets/cards/pedestrian/cards-031.json HTTP/1.1" 200 -
::1 - - [03/Jun/2026 16:23:48] "GET /datasets/records/pedestrian/records-031.json HTTP/1.1" 200 -
::1 - - [03/Jun/2026 16:28:52] "GET /datasets/comparison.summary.json HTTP/1.1" 200 -
::1 - - [03/Jun/2026 16:34:22] "GET / HTTP/1.1" 200 -
::1 - - [03/Jun/2026 16:34:25] "GET / HTTP/1.1" 200 -
::1 - - [03/Jun/2026 16:34:25] "GET /style.css HTTP/1.1" 200 -
::1 - - [03/Jun/2026 16:34:25] "GET /app.js HTTP/1.1" 200 -
::1 - - [03/Jun/2026 16:34:25] "GET /datasets/index.json HTTP/1.1" 304 -
::1 - - [03/Jun/2026 16:34:25] "GET /datasets/escooter.summary.json HTTP/1.1" 304 -
::1 - - [03/Jun/2026 16:34:25] "GET /datasets/pedestrian.summary.json HTTP/1.1" 304 -
::1 - - [03/Jun/2026 16:34:42] "GET /datasets/pedestrian.records-index.json HTTP/1.1" 304 -
::1 - - [03/Jun/2026 16:34:42] "GET /datasets/cards/pedestrian/cards-000.json HTTP/1.1" 304 -
::1 - - [03/Jun/2026 16:34:42] "GET /datasets/records/pedestrian/records-000.json HTTP/1.1" 304 -
::1 - - [03/Jun/2026 16:42:42] "GET / HTTP/1.1" 200 -
::1 - - [03/Jun/2026 16:42:42] "GET /style.css HTTP/1.1" 200 -
::1 - - [03/Jun/2026 16:42:42] "GET /app.js HTTP/1.1" 200 -
::1 - - [03/Jun/2026 16:42:45] "GET /datasets/index.json HTTP/1.1" 200 -
::1 - - [03/Jun/2026 16:42:45] "GET /datasets/pedestrian.summary.json HTTP/1.1" 200 -
::1 - - [03/Jun/2026 16:42:45] "GET /datasets/escooter.summary.json HTTP/1.1" 200 -
::1 - - [03/Jun/2026 16:42:47] "GET /datasets/pedestrian.records-index.json HTTP/1.1" 200 -
::1 - - [03/Jun/2026 16:42:47] "GET /datasets/cards/pedestrian/cards-000.json HTTP/1.1" 200 -
::1 - - [03/Jun/2026 16:42:47] "GET /datasets/records/pedestrian/records-000.json HTTP/1.1" 200 -
::1 - - [03/Jun/2026 16:44:11] "GET / HTTP/1.1" 200 -
::1 - - [03/Jun/2026 16:44:11] "GET /app.js HTTP/1.1" 200 -
::1 - - [03/Jun/2026 16:44:11] "GET /style.css HTTP/1.1" 200 -
::1 - - [03/Jun/2026 16:44:11] "GET /datasets/index.json HTTP/1.1" 200 -
::1 - - [03/Jun/2026 16:44:11] "GET /datasets/pedestrian.summary.json HTTP/1.1" 200 -
::1 - - [03/Jun/2026 16:44:11] "GET /datasets/escooter.summary.json HTTP/1.1" 200 -
::1 - - [03/Jun/2026 16:44:12] "GET /datasets/pedestrian.records-index.json HTTP/1.1" 200 -
::1 - - [03/Jun/2026 16:44:12] "GET /datasets/cards/pedestrian/cards-000.json HTTP/1.1" 200 -
::1 - - [03/Jun/2026 16:44:12] "GET /datasets/records/pedestrian/records-000.json HTTP/1.1" 200 -
::1 - - [03/Jun/2026 16:44:16] "GET / HTTP/1.1" 200 -
::1 - - [03/Jun/2026 16:44:16] "GET /style.css HTTP/1.1" 200 -
::1 - - [03/Jun/2026 16:44:16] "GET /app.js HTTP/1.1" 200 -
::1 - - [03/Jun/2026 16:44:16] "GET /datasets/index.json HTTP/1.1" 200 -
::1 - - [03/Jun/2026 16:44:16] "GET /datasets/escooter.summary.json HTTP/1.1" 200 -
::1 - - [03/Jun/2026 16:44:16] "GET /datasets/pedestrian.summary.json HTTP/1.1" 200 -
::1 - - [03/Jun/2026 16:44:17] "GET /datasets/pedestrian.records-index.json HTTP/1.1" 200 -
::1 - - [03/Jun/2026 16:44:17] "GET /datasets/cards/pedestrian/cards-000.json HTTP/1.1" 200 -
::1 - - [03/Jun/2026 16:44:17] "GET /datasets/records/pedestrian/records-000.json HTTP/1.1" 200 -
::1 - - [03/Jun/2026 16:45:41] "GET / HTTP/1.1" 200 -
::1 - - [03/Jun/2026 16:45:41] "GET /app.js HTTP/1.1" 200 -
::1 - - [03/Jun/2026 16:45:41] "GET /style.css HTTP/1.1" 200 -
::1 - - [03/Jun/2026 16:45:41] "GET /datasets/index.json HTTP/1.1" 200 -
::1 - - [03/Jun/2026 16:45:41] "GET /datasets/escooter.summary.json HTTP/1.1" 200 -
::1 - - [03/Jun/2026 16:45:41] "GET /datasets/pedestrian.summary.json HTTP/1.1" 200 -
::1 - - [03/Jun/2026 16:46:00] "GET / HTTP/1.1" 200 -
::1 - - [03/Jun/2026 16:46:00] "GET /style.css HTTP/1.1" 200 -
::1 - - [03/Jun/2026 16:46:00] "GET /app.js HTTP/1.1" 200 -
::1 - - [03/Jun/2026 16:46:00] "GET /datasets/index.json HTTP/1.1" 200 -
::1 - - [03/Jun/2026 16:46:00] "GET /datasets/escooter.summary.json HTTP/1.1" 200 -
::1 - - [03/Jun/2026 16:46:00] "GET /datasets/pedestrian.summary.json HTTP/1.1" 200 -
::1 - - [03/Jun/2026 16:46:02] "GET /datasets/pedestrian.records-index.json HTTP/1.1" 200 -
::1 - - [03/Jun/2026 16:46:02] "GET /datasets/cards/pedestrian/cards-000.json HTTP/1.1" 200 -
::1 - - [03/Jun/2026 16:46:02] "GET /datasets/records/pedestrian/records-000.json HTTP/1.1" 200 -
::1 - - [03/Jun/2026 16:47:18] "GET / HTTP/1.1" 200 -
::1 - - [03/Jun/2026 16:47:21] "GET /app.js HTTP/1.1" 200 -
::1 - - [03/Jun/2026 16:47:21] "GET /style.css HTTP/1.1" 200 -
::1 - - [03/Jun/2026 16:47:21] "GET /datasets/index.json HTTP/1.1" 200 -
::1 - - [03/Jun/2026 16:47:21] "GET /datasets/escooter.summary.json HTTP/1.1" 200 -
::1 - - [03/Jun/2026 16:47:21] "GET /datasets/pedestrian.summary.json HTTP/1.1" 200 -
::1 - - [03/Jun/2026 16:47:22] "GET /datasets/pedestrian.records-index.json HTTP/1.1" 200 -
::1 - - [03/Jun/2026 16:47:22] "GET /datasets/cards/pedestrian/cards-000.json HTTP/1.1" 200 -
::1 - - [03/Jun/2026 16:47:22] "GET /datasets/records/pedestrian/records-000.json HTTP/1.1" 200 -
----------------------------------------
Exception occurred during processing of request from ('::1', 59606, 0, 0)
Traceback (most recent call last):
  File "C:\Users\nib37\AppData\Local\anaconda3\Lib\socketserver.py", line 697, in process_request_thread
    self.finish_request(request, client_address)
    ~~~~~~~~~~~~~~~~~~~^^^^^^^^^^^^^^^^^^^^^^^^^
  File "C:\Users\nib37\AppData\Local\anaconda3\Lib\http\server.py", line 1320, in finish_request
    self.RequestHandlerClass(request, client_address, self,
    ~~~~~~~~~~~~~~~~~~~~~~~~^^^^^^^^^^^^^^^^^^^^^^^^^^^^^^^
                             directory=args.directory)
                             ^^^^^^^^^^^^^^^^^^^^^^^^^
  File "C:\Users\nib37\AppData\Local\anaconda3\Lib\http\server.py", line 672, in __init__
    super().__init__(*args, **kwargs)
    ~~~~~~~~~~~~~~~~^^^^^^^^^^^^^^^^^
  File "C:\Users\nib37\AppData\Local\anaconda3\Lib\socketserver.py", line 766, in __init__
    self.handle()
    ~~~~~~~~~~~^^
  File "C:\Users\nib37\AppData\Local\anaconda3\Lib\http\server.py", line 436, in handle
    self.handle_one_request()
    ~~~~~~~~~~~~~~~~~~~~~~~^^
  File "C:\Users\nib37\AppData\Local\anaconda3\Lib\http\server.py", line 424, in handle_one_request
    method()
    ~~~~~~^^
  File "C:\Users\nib37\AppData\Local\anaconda3\Lib\http\server.py", line 679, in do_GET
    self.copyfile(f, self.wfile)
    ~~~~~~~~~~~~~^^^^^^^^^^^^^^^
  File "C:\Users\nib37\AppData\Local\anaconda3\Lib\http\server.py", line 881, in copyfile
    shutil.copyfileobj(source, outputfile)
    ~~~~~~~~~~~~~~~~~~^^^^^^^^^^^^^^^^^^^^
  File "C:\Users\nib37\AppData\Local\anaconda3\Lib\shutil.py", line 204, in copyfileobj
    fdst_write(buf)
    ~~~~~~~~~~^^^^^
  File "C:\Users\nib37\AppData\Local\anaconda3\Lib\socketserver.py", line 845, in write
    self._sock.sendall(b)
    ~~~~~~~~~~~~~~~~~~^^^
ConnectionResetError: [WinError 10054] An existing connection was forcibly closed by the remote host
----------------------------------------
::1 - - [03/Jun/2026 16:47:42] "GET / HTTP/1.1" 200 -
::1 - - [03/Jun/2026 16:47:42] "GET /style.css HTTP/1.1" 200 -
::1 - - [03/Jun/2026 16:47:42] "GET /app.js HTTP/1.1" 200 -
::1 - - [03/Jun/2026 16:47:42] "GET /datasets/index.json HTTP/1.1" 200 -
::1 - - [03/Jun/2026 16:47:42] "GET /datasets/escooter.summary.json HTTP/1.1" 200 -
::1 - - [03/Jun/2026 16:47:42] "GET /datasets/pedestrian.summary.json HTTP/1.1" 200 -
::1 - - [03/Jun/2026 16:47:44] "GET /datasets/pedestrian.records-index.json HTTP/1.1" 200 -
::1 - - [03/Jun/2026 16:47:44] "GET /datasets/cards/pedestrian/cards-000.json HTTP/1.1" 200 -
::1 - - [03/Jun/2026 16:47:44] "GET /datasets/records/pedestrian/records-000.json HTTP/1.1" 200 -
::1 - - [03/Jun/2026 16:49:14] "GET / HTTP/1.1" 304 -
::1 - - [03/Jun/2026 16:49:14] "GET /style.css HTTP/1.1" 200 -
::1 - - [03/Jun/2026 16:49:14] "GET /app.js HTTP/1.1" 200 -
::1 - - [03/Jun/2026 16:49:14] "GET /datasets/index.json HTTP/1.1" 200 -
::1 - - [03/Jun/2026 16:49:14] "GET / HTTP/1.1" 304 -
::1 - - [03/Jun/2026 16:49:14] "GET /datasets/pedestrian.summary.json HTTP/1.1" 200 -
::1 - - [03/Jun/2026 16:49:14] "GET /datasets/escooter.summary.json HTTP/1.1" 200 -
::1 - - [03/Jun/2026 16:49:30] "GET /datasets/pedestrian.records-index.json HTTP/1.1" 200 -
::1 - - [03/Jun/2026 16:49:31] "GET /datasets/cards/pedestrian/cards-000.json HTTP/1.1" 200 -
::1 - - [03/Jun/2026 16:49:31] "GET /datasets/records/pedestrian/records-000.json HTTP/1.1" 200 -
::1 - - [03/Jun/2026 16:49:55] "GET /datasets/cards/pedestrian/cards-022.json HTTP/1.1" 200 -
::1 - - [03/Jun/2026 16:49:55] "GET /datasets/cards/pedestrian/cards-057.json HTTP/1.1" 200 -
::1 - - [03/Jun/2026 16:49:55] "GET /datasets/cards/pedestrian/cards-074.json HTTP/1.1" 200 -
::1 - - [03/Jun/2026 16:49:55] "GET /datasets/cards/pedestrian/cards-058.json HTTP/1.1" 200 -
::1 - - [03/Jun/2026 16:49:55] "GET /datasets/cards/pedestrian/cards-054.json HTTP/1.1" 200 -
::1 - - [03/Jun/2026 16:49:55] "GET /datasets/cards/pedestrian/cards-030.json HTTP/1.1" 200 -
::1 - - [03/Jun/2026 16:49:55] "GET /datasets/cards/pedestrian/cards-082.json HTTP/1.1" 200 -
::1 - - [03/Jun/2026 16:49:55] "GET /datasets/cards/pedestrian/cards-117.json HTTP/1.1" 200 -
::1 - - [03/Jun/2026 16:49:55] "GET /datasets/cards/pedestrian/cards-114.json HTTP/1.1" 200 -
::1 - - [03/Jun/2026 16:49:55] "GET /datasets/cards/pedestrian/cards-129.json HTTP/1.1" 200 -
::1 - - [03/Jun/2026 16:49:55] "GET /datasets/cards/pedestrian/cards-119.json HTTP/1.1" 200 -
::1 - - [03/Jun/2026 16:49:55] "GET /datasets/cards/pedestrian/cards-120.json HTTP/1.1" 200 -
::1 - - [03/Jun/2026 16:49:58] "GET /datasets/cards/pedestrian/cards-001.json HTTP/1.1" 200 -
::1 - - [03/Jun/2026 16:49:58] "GET /datasets/cards/pedestrian/cards-002.json HTTP/1.1" 200 -
::1 - - [03/Jun/2026 16:49:58] "GET /datasets/cards/pedestrian/cards-003.json HTTP/1.1" 200 -
::1 - - [03/Jun/2026 16:49:58] "GET /datasets/cards/pedestrian/cards-005.json HTTP/1.1" 200 -
::1 - - [03/Jun/2026 16:49:58] "GET /datasets/cards/pedestrian/cards-006.json HTTP/1.1" 200 -
::1 - - [03/Jun/2026 16:49:58] "GET /datasets/cards/pedestrian/cards-008.json HTTP/1.1" 200 -
::1 - - [03/Jun/2026 16:49:58] "GET /datasets/cards/pedestrian/cards-007.json HTTP/1.1" 200 -
::1 - - [03/Jun/2026 16:49:58] "GET /datasets/cards/pedestrian/cards-004.json HTTP/1.1" 200 -
::1 - - [03/Jun/2026 16:49:58] "GET /datasets/cards/pedestrian/cards-009.json HTTP/1.1" 200 -
::1 - - [03/Jun/2026 16:49:58] "GET /datasets/cards/pedestrian/cards-010.json HTTP/1.1" 200 -
::1 - - [03/Jun/2026 16:50:01] "GET /datasets/cards/pedestrian/cards-032.json HTTP/1.1" 200 -
::1 - - [03/Jun/2026 16:50:01] "GET /datasets/cards/pedestrian/cards-033.json HTTP/1.1" 200 -
::1 - - [03/Jun/2026 16:50:01] "GET /datasets/cards/pedestrian/cards-036.json HTTP/1.1" 200 -
::1 - - [03/Jun/2026 16:50:01] "GET /datasets/cards/pedestrian/cards-034.json HTTP/1.1" 200 -
::1 - - [03/Jun/2026 16:50:01] "GET /datasets/cards/pedestrian/cards-037.json HTTP/1.1" 200 -
::1 - - [03/Jun/2026 16:50:01] "GET /datasets/cards/pedestrian/cards-035.json HTTP/1.1" 200 -
::1 - - [03/Jun/2026 16:50:01] "GET /datasets/cards/pedestrian/cards-038.json HTTP/1.1" 200 -
::1 - - [03/Jun/2026 16:50:01] "GET /datasets/cards/pedestrian/cards-039.json HTTP/1.1" 200 -
::1 - - [03/Jun/2026 16:50:01] "GET /datasets/cards/pedestrian/cards-040.json HTTP/1.1" 200 -
::1 - - [03/Jun/2026 16:50:01] "GET /datasets/cards/pedestrian/cards-041.json HTTP/1.1" 200 -
::1 - - [03/Jun/2026 16:50:01] "GET /datasets/cards/pedestrian/cards-044.json HTTP/1.1" 200 -
::1 - - [03/Jun/2026 16:50:01] "GET /datasets/cards/pedestrian/cards-042.json HTTP/1.1" 200 -
::1 - - [03/Jun/2026 16:50:01] "GET /datasets/cards/pedestrian/cards-045.json HTTP/1.1" 200 -
::1 - - [03/Jun/2026 16:50:01] "GET /datasets/cards/pedestrian/cards-043.json HTTP/1.1" 200 -
::1 - - [03/Jun/2026 16:50:01] "GET /datasets/cards/pedestrian/cards-046.json HTTP/1.1" 200 -
::1 - - [03/Jun/2026 16:50:01] "GET /datasets/cards/pedestrian/cards-031.json HTTP/1.1" 200 -
::1 - - [03/Jun/2026 16:50:02] "GET /datasets/cards/pedestrian/cards-047.json HTTP/1.1" 200 -
::1 - - [03/Jun/2026 16:50:02] "GET /datasets/cards/pedestrian/cards-048.json HTTP/1.1" 200 -
::1 - - [03/Jun/2026 16:50:05] "GET /datasets/records/pedestrian/records-032.json HTTP/1.1" 200 -
::1 - - [03/Jun/2026 16:50:06] "GET /datasets/records/pedestrian/records-033.json HTTP/1.1" 200 -
::1 - - [03/Jun/2026 16:50:16] "GET /datasets/records/pedestrian/records-048.json HTTP/1.1" 200 -
::1 - - [03/Jun/2026 16:53:19] "GET / HTTP/1.1" 200 -
::1 - - [03/Jun/2026 16:53:19] "GET /style.css HTTP/1.1" 200 -
::1 - - [03/Jun/2026 16:53:19] "GET /app.js HTTP/1.1" 200 -
::1 - - [03/Jun/2026 16:53:19] "GET /datasets/index.json HTTP/1.1" 200 -
::1 - - [03/Jun/2026 16:53:19] "GET /datasets/escooter.summary.json HTTP/1.1" 200 -
::1 - - [03/Jun/2026 16:53:19] "GET /datasets/pedestrian.summary.json HTTP/1.1" 200 -
::1 - - [03/Jun/2026 16:53:20] "GET /datasets/pedestrian.records-index.json HTTP/1.1" 200 -
::1 - - [03/Jun/2026 16:53:20] "GET /datasets/pedestrian.records-index.json HTTP/1.1" 200 -
::1 - - [03/Jun/2026 16:53:20] "GET /datasets/pedestrian.records-index.json HTTP/1.1" 200 -
::1 - - [03/Jun/2026 16:53:20] "GET /datasets/cards/pedestrian/cards-048.json HTTP/1.1" 200 -
::1 - - [03/Jun/2026 16:53:20] "GET /datasets/records/pedestrian/records-048.json HTTP/1.1" 200 -
::1 - - [03/Jun/2026 16:53:20] "GET /datasets/pedestrian.records-index.json HTTP/1.1" 200 -
::1 - - [03/Jun/2026 16:53:20] "GET /datasets/records/pedestrian/records-048.json HTTP/1.1" 200 -
::1 - - [03/Jun/2026 16:53:20] "GET /datasets/records/pedestrian/records-048.json HTTP/1.1" 200 -
::1 - - [03/Jun/2026 16:53:20] "GET /datasets/records/pedestrian/records-048.json HTTP/1.1" 200 -
::1 - - [03/Jun/2026 16:53:22] "GET / HTTP/1.1" 304 -
::1 - - [03/Jun/2026 17:00:09] "GET / HTTP/1.1" 304 -
::1 - - [03/Jun/2026 17:00:28] "GET /datasets/escooter.records-index.json HTTP/1.1" 200 -
::1 - - [03/Jun/2026 17:00:28] "GET /datasets/cards/escooter/cards-001.json HTTP/1.1" 200 -
::1 - - [03/Jun/2026 17:00:28] "GET /datasets/cards/escooter/cards-000.json HTTP/1.1" 200 -
::1 - - [03/Jun/2026 17:00:28] "GET /datasets/records/escooter/records-000.json HTTP/1.1" 200 -
::1 - - [03/Jun/2026 17:01:33] "GET / HTTP/1.1" 200 -
::1 - - [03/Jun/2026 17:01:33] "GET /app.js HTTP/1.1" 200 -
::1 - - [03/Jun/2026 17:01:33] "GET /style.css HTTP/1.1" 200 -
::1 - - [03/Jun/2026 17:01:33] "GET /datasets/index.json HTTP/1.1" 200 -
::1 - - [03/Jun/2026 17:01:33] "GET /datasets/escooter.summary.json HTTP/1.1" 200 -
::1 - - [03/Jun/2026 17:01:33] "GET /datasets/pedestrian.summary.json HTTP/1.1" 200 -
::1 - - [03/Jun/2026 17:01:33] "GET /datasets/pedestrian.records-index.json HTTP/1.1" 200 -
::1 - - [03/Jun/2026 17:01:34] "GET /datasets/pedestrian.records-index.json HTTP/1.1" 200 -
::1 - - [03/Jun/2026 17:01:34] "GET /datasets/cards/pedestrian/cards-029.json HTTP/1.1" 200 -
::1 - - [03/Jun/2026 17:01:34] "GET /datasets/cards/pedestrian/cards-030.json HTTP/1.1" 200 -
::1 - - [03/Jun/2026 17:01:34] "GET /datasets/cards/pedestrian/cards-031.json HTTP/1.1" 200 -
::1 - - [03/Jun/2026 17:01:34] "GET /datasets/cards/pedestrian/cards-033.json HTTP/1.1" 200 -
::1 - - [03/Jun/2026 17:01:34] "GET /datasets/cards/pedestrian/cards-032.json HTTP/1.1" 200 -
::1 - - [03/Jun/2026 17:01:34] "GET /datasets/cards/pedestrian/cards-034.json HTTP/1.1" 200 -
::1 - - [03/Jun/2026 17:01:34] "GET /datasets/cards/pedestrian/cards-035.json HTTP/1.1" 200 -
::1 - - [03/Jun/2026 17:01:34] "GET /datasets/cards/pedestrian/cards-036.json HTTP/1.1" 200 -
::1 - - [03/Jun/2026 17:01:34] "GET /datasets/cards/pedestrian/cards-037.json HTTP/1.1" 200 -
::1 - - [03/Jun/2026 17:01:34] "GET /datasets/cards/pedestrian/cards-038.json HTTP/1.1" 200 -
::1 - - [03/Jun/2026 17:01:34] "GET /datasets/cards/pedestrian/cards-039.json HTTP/1.1" 200 -
::1 - - [03/Jun/2026 17:01:34] "GET /datasets/cards/pedestrian/cards-040.json HTTP/1.1" 200 -
::1 - - [03/Jun/2026 17:01:34] "GET /datasets/cards/pedestrian/cards-042.json HTTP/1.1" 200 -
::1 - - [03/Jun/2026 17:01:34] "GET /datasets/cards/pedestrian/cards-041.json HTTP/1.1" 200 -
::1 - - [03/Jun/2026 17:01:34] "GET /datasets/cards/pedestrian/cards-043.json HTTP/1.1" 200 -
::1 - - [03/Jun/2026 17:01:34] "GET /datasets/cards/pedestrian/cards-044.json HTTP/1.1" 200 -
::1 - - [03/Jun/2026 17:01:34] "GET /datasets/cards/pedestrian/cards-045.json HTTP/1.1" 200 -
::1 - - [03/Jun/2026 17:01:34] "GET /datasets/cards/pedestrian/cards-049.json HTTP/1.1" 200 -
::1 - - [03/Jun/2026 17:01:34] "GET /datasets/cards/pedestrian/cards-046.json HTTP/1.1" 200 -
::1 - - [03/Jun/2026 17:01:34] "GET /datasets/records/pedestrian/records-029.json HTTP/1.1" 200 -
::1 - - [03/Jun/2026 17:01:34] "GET /datasets/records/pedestrian/records-031.json HTTP/1.1" 200 -
::1 - - [03/Jun/2026 17:01:34] "GET /datasets/records/pedestrian/records-046.json HTTP/1.1" 200 -
::1 - - [03/Jun/2026 17:01:34] "GET /datasets/records/pedestrian/records-046.json HTTP/1.1" 200 -
::1 - - [03/Jun/2026 17:02:04] "GET / HTTP/1.1" 200 -
::1 - - [03/Jun/2026 17:02:04] "GET /style.css HTTP/1.1" 200 -
::1 - - [03/Jun/2026 17:02:04] "GET /app.js HTTP/1.1" 200 -
::1 - - [03/Jun/2026 17:02:04] "GET / HTTP/1.1" 200 -
::1 - - [03/Jun/2026 17:02:04] "GET /style.css HTTP/1.1" 200 -
::1 - - [03/Jun/2026 17:02:04] "GET /app.js HTTP/1.1" 200 -
::1 - - [03/Jun/2026 17:02:04] "GET /datasets/index.json HTTP/1.1" 200 -
::1 - - [03/Jun/2026 17:02:04] "GET /datasets/escooter.summary.json HTTP/1.1" 200 -
::1 - - [03/Jun/2026 17:02:04] "GET /datasets/pedestrian.summary.json HTTP/1.1" 200 -
::1 - - [03/Jun/2026 17:02:04] "GET /datasets/index.json HTTP/1.1" 200 -
::1 - - [03/Jun/2026 17:02:04] "GET /datasets/pedestrian.summary.json HTTP/1.1" 200 -
::1 - - [03/Jun/2026 17:02:04] "GET /datasets/escooter.summary.json HTTP/1.1" 200 -
::1 - - [03/Jun/2026 17:02:05] "GET /datasets/pedestrian.records-index.json HTTP/1.1" 200 -
::1 - - [03/Jun/2026 17:02:05] "GET /datasets/cards/pedestrian/cards-000.json HTTP/1.1" 200 -
::1 - - [03/Jun/2026 17:02:05] "GET /datasets/cards/pedestrian/cards-001.json HTTP/1.1" 200 -
::1 - - [03/Jun/2026 17:02:05] "GET /datasets/cards/pedestrian/cards-003.json HTTP/1.1" 200 -
::1 - - [03/Jun/2026 17:02:05] "GET /datasets/cards/pedestrian/cards-004.json HTTP/1.1" 200 -
::1 - - [03/Jun/2026 17:02:05] "GET /datasets/cards/pedestrian/cards-002.json HTTP/1.1" 200 -
::1 - - [03/Jun/2026 17:02:05] "GET /datasets/cards/pedestrian/cards-005.json HTTP/1.1" 200 -
::1 - - [03/Jun/2026 17:02:05] "GET /datasets/cards/pedestrian/cards-006.json HTTP/1.1" 200 -
::1 - - [03/Jun/2026 17:02:05] "GET /datasets/cards/pedestrian/cards-007.json HTTP/1.1" 200 -
::1 - - [03/Jun/2026 17:02:05] "GET /datasets/cards/pedestrian/cards-008.json HTTP/1.1" 200 -
::1 - - [03/Jun/2026 17:02:05] "GET /datasets/cards/pedestrian/cards-009.json HTTP/1.1" 200 -
::1 - - [03/Jun/2026 17:02:05] "GET /datasets/cards/pedestrian/cards-029.json HTTP/1.1" 200 -
::1 - - [03/Jun/2026 17:02:05] "GET /datasets/cards/pedestrian/cards-030.json HTTP/1.1" 200 -
::1 - - [03/Jun/2026 17:02:05] "GET /datasets/cards/pedestrian/cards-031.json HTTP/1.1" 200 -
::1 - - [03/Jun/2026 17:02:05] "GET /datasets/cards/pedestrian/cards-032.json HTTP/1.1" 200 -
::1 - - [03/Jun/2026 17:02:05] "GET /datasets/cards/pedestrian/cards-033.json HTTP/1.1" 200 -
::1 - - [03/Jun/2026 17:02:05] "GET /datasets/cards/pedestrian/cards-034.json HTTP/1.1" 200 -
::1 - - [03/Jun/2026 17:02:05] "GET /datasets/cards/pedestrian/cards-035.json HTTP/1.1" 200 -
::1 - - [03/Jun/2026 17:02:05] "GET /datasets/cards/pedestrian/cards-036.json HTTP/1.1" 200 -
::1 - - [03/Jun/2026 17:02:05] "GET /datasets/cards/pedestrian/cards-037.json HTTP/1.1" 200 -
::1 - - [03/Jun/2026 17:02:05] "GET /datasets/cards/pedestrian/cards-038.json HTTP/1.1" 200 -
::1 - - [03/Jun/2026 17:02:05] "GET /datasets/cards/pedestrian/cards-039.json HTTP/1.1" 200 -
::1 - - [03/Jun/2026 17:02:05] "GET /datasets/cards/pedestrian/cards-040.json HTTP/1.1" 200 -
::1 - - [03/Jun/2026 17:02:05] "GET /datasets/cards/pedestrian/cards-041.json HTTP/1.1" 200 -
::1 - - [03/Jun/2026 17:02:05] "GET /datasets/cards/pedestrian/cards-042.json HTTP/1.1" 200 -
::1 - - [03/Jun/2026 17:02:05] "GET /datasets/cards/pedestrian/cards-043.json HTTP/1.1" 200 -
::1 - - [03/Jun/2026 17:02:05] "GET /datasets/cards/pedestrian/cards-044.json HTTP/1.1" 200 -
::1 - - [03/Jun/2026 17:02:05] "GET /datasets/cards/pedestrian/cards-045.json HTTP/1.1" 200 -
::1 - - [03/Jun/2026 17:02:05] "GET /datasets/cards/pedestrian/cards-046.json HTTP/1.1" 200 -
::1 - - [03/Jun/2026 17:02:05] "GET /datasets/cards/pedestrian/cards-049.json HTTP/1.1" 200 -
::1 - - [03/Jun/2026 17:02:05] "GET /datasets/records/pedestrian/records-000.json HTTP/1.1" 200 -
::1 - - [03/Jun/2026 17:02:05] "GET /datasets/records/pedestrian/records-029.json HTTP/1.1" 200 -
::1 - - [03/Jun/2026 17:02:05] "GET /datasets/records/pedestrian/records-031.json HTTP/1.1" 200 -
::1 - - [03/Jun/2026 17:02:05] "GET /datasets/records/pedestrian/records-046.json HTTP/1.1" 200 -
::1 - - [03/Jun/2026 17:02:05] "GET /datasets/pedestrian.records-index.json HTTP/1.1" 200 -
::1 - - [03/Jun/2026 17:02:05] "GET /datasets/cards/pedestrian/cards-000.json HTTP/1.1" 200 -
::1 - - [03/Jun/2026 17:02:05] "GET /datasets/records/pedestrian/records-000.json HTTP/1.1" 200 -
::1 - - [03/Jun/2026 17:03:04] "GET / HTTP/1.1" 200 -
::1 - - [03/Jun/2026 17:03:04] "GET /style.css HTTP/1.1" 200 -
::1 - - [03/Jun/2026 17:03:04] "GET /app.js HTTP/1.1" 200 -
::1 - - [03/Jun/2026 17:03:04] "GET /datasets/index.json HTTP/1.1" 200 -
::1 - - [03/Jun/2026 17:03:04] "GET /datasets/escooter.summary.json HTTP/1.1" 200 -
::1 - - [03/Jun/2026 17:03:04] "GET /datasets/pedestrian.summary.json HTTP/1.1" 200 -
::1 - - [03/Jun/2026 17:03:05] "GET /datasets/pedestrian.records-index.json HTTP/1.1" 200 -
::1 - - [03/Jun/2026 17:03:05] "GET /datasets/cards/pedestrian/cards-000.json HTTP/1.1" 200 -
::1 - - [03/Jun/2026 17:03:05] "GET /datasets/cards/pedestrian/cards-002.json HTTP/1.1" 200 -
::1 - - [03/Jun/2026 17:03:05] "GET /datasets/cards/pedestrian/cards-003.json HTTP/1.1" 200 -
::1 - - [03/Jun/2026 17:03:05] "GET /datasets/cards/pedestrian/cards-004.json HTTP/1.1" 200 -
::1 - - [03/Jun/2026 17:03:05] "GET /datasets/cards/pedestrian/cards-001.json HTTP/1.1" 200 -
::1 - - [03/Jun/2026 17:03:05] "GET /datasets/cards/pedestrian/cards-005.json HTTP/1.1" 200 -
::1 - - [03/Jun/2026 17:03:05] "GET /datasets/cards/pedestrian/cards-006.json HTTP/1.1" 200 -
::1 - - [03/Jun/2026 17:03:05] "GET /datasets/cards/pedestrian/cards-007.json HTTP/1.1" 200 -
::1 - - [03/Jun/2026 17:03:05] "GET /datasets/cards/pedestrian/cards-008.json HTTP/1.1" 200 -
::1 - - [03/Jun/2026 17:03:05] "GET /datasets/cards/pedestrian/cards-009.json HTTP/1.1" 200 -
::1 - - [03/Jun/2026 17:03:05] "GET /datasets/cards/pedestrian/cards-029.json HTTP/1.1" 200 -
::1 - - [03/Jun/2026 17:03:05] "GET /datasets/cards/pedestrian/cards-030.json HTTP/1.1" 200 -
::1 - - [03/Jun/2026 17:03:05] "GET /datasets/cards/pedestrian/cards-031.json HTTP/1.1" 200 -
::1 - - [03/Jun/2026 17:03:05] "GET /datasets/cards/pedestrian/cards-032.json HTTP/1.1" 200 -
::1 - - [03/Jun/2026 17:03:05] "GET /datasets/cards/pedestrian/cards-033.json HTTP/1.1" 200 -
::1 - - [03/Jun/2026 17:03:05] "GET /datasets/cards/pedestrian/cards-034.json HTTP/1.1" 200 -
::1 - - [03/Jun/2026 17:03:05] "GET /datasets/cards/pedestrian/cards-035.json HTTP/1.1" 200 -
::1 - - [03/Jun/2026 17:03:05] "GET /datasets/cards/pedestrian/cards-036.json HTTP/1.1" 200 -
::1 - - [03/Jun/2026 17:03:05] "GET /datasets/cards/pedestrian/cards-037.json HTTP/1.1" 200 -
::1 - - [03/Jun/2026 17:03:05] "GET /datasets/cards/pedestrian/cards-038.json HTTP/1.1" 200 -
::1 - - [03/Jun/2026 17:03:05] "GET /datasets/cards/pedestrian/cards-039.json HTTP/1.1" 200 -
::1 - - [03/Jun/2026 17:03:05] "GET /datasets/cards/pedestrian/cards-040.json HTTP/1.1" 200 -
::1 - - [03/Jun/2026 17:03:05] "GET /datasets/cards/pedestrian/cards-041.json HTTP/1.1" 200 -
::1 - - [03/Jun/2026 17:03:05] "GET /datasets/cards/pedestrian/cards-042.json HTTP/1.1" 200 -
::1 - - [03/Jun/2026 17:03:05] "GET /datasets/cards/pedestrian/cards-043.json HTTP/1.1" 200 -
::1 - - [03/Jun/2026 17:03:05] "GET /datasets/cards/pedestrian/cards-044.json HTTP/1.1" 200 -
::1 - - [03/Jun/2026 17:03:05] "GET /datasets/cards/pedestrian/cards-045.json HTTP/1.1" 200 -
::1 - - [03/Jun/2026 17:03:05] "GET /datasets/cards/pedestrian/cards-046.json HTTP/1.1" 200 -
::1 - - [03/Jun/2026 17:03:05] "GET /datasets/cards/pedestrian/cards-049.json HTTP/1.1" 200 -
::1 - - [03/Jun/2026 17:03:05] "GET /datasets/records/pedestrian/records-046.json HTTP/1.1" 200 -
::1 - - [03/Jun/2026 17:03:24] "GET / HTTP/1.1" 200 -
::1 - - [03/Jun/2026 17:03:24] "GET /style.css HTTP/1.1" 200 -
::1 - - [03/Jun/2026 17:03:24] "GET /app.js HTTP/1.1" 200 -
::1 - - [03/Jun/2026 17:03:24] "GET /datasets/index.json HTTP/1.1" 200 -
::1 - - [03/Jun/2026 17:03:24] "GET /datasets/escooter.summary.json HTTP/1.1" 200 -
::1 - - [03/Jun/2026 17:03:24] "GET /datasets/pedestrian.summary.json HTTP/1.1" 200 -
::1 - - [03/Jun/2026 17:03:25] "GET /datasets/pedestrian.records-index.json HTTP/1.1" 200 -
::1 - - [03/Jun/2026 17:03:25] "GET /datasets/cards/pedestrian/cards-000.json HTTP/1.1" 200 -
::1 - - [03/Jun/2026 17:03:25] "GET /datasets/records/pedestrian/records-000.json HTTP/1.1" 200 -
::1 - - [03/Jun/2026 17:03:49] "GET / HTTP/1.1" 304 -
::1 - - [03/Jun/2026 17:03:51] "GET / HTTP/1.1" 304 -
::1 - - [03/Jun/2026 17:03:51] "GET /style.css HTTP/1.1" 304 -
::1 - - [03/Jun/2026 17:03:51] "GET /app.js HTTP/1.1" 200 -
::1 - - [03/Jun/2026 17:03:51] "GET /datasets/index.json HTTP/1.1" 200 -
::1 - - [03/Jun/2026 17:03:51] "GET /datasets/pedestrian.summary.json HTTP/1.1" 200 -
::1 - - [03/Jun/2026 17:03:51] "GET /datasets/escooter.summary.json HTTP/1.1" 200 -
::1 - - [03/Jun/2026 17:05:34] "GET /datasets/pedestrian.records-index.json HTTP/1.1" 200 -
::1 - - [03/Jun/2026 17:05:34] "GET /datasets/cards/pedestrian/cards-000.json HTTP/1.1" 200 -
::1 - - [03/Jun/2026 17:05:34] "GET /datasets/records/pedestrian/records-000.json HTTP/1.1" 200 -
::1 - - [03/Jun/2026 17:05:53] "GET /datasets/cards/pedestrian/cards-003.json HTTP/1.1" 200 -
::1 - - [03/Jun/2026 17:05:53] "GET /datasets/cards/pedestrian/cards-001.json HTTP/1.1" 200 -
::1 - - [03/Jun/2026 17:05:53] "GET /datasets/cards/pedestrian/cards-005.json HTTP/1.1" 200 -
::1 - - [03/Jun/2026 17:05:53] "GET /datasets/cards/pedestrian/cards-004.json HTTP/1.1" 200 -
::1 - - [03/Jun/2026 17:05:53] "GET /datasets/cards/pedestrian/cards-008.json HTTP/1.1" 200 -
::1 - - [03/Jun/2026 17:05:53] "GET /datasets/cards/pedestrian/cards-002.json HTTP/1.1" 200 -
::1 - - [03/Jun/2026 17:05:53] "GET /datasets/cards/pedestrian/cards-006.json HTTP/1.1" 200 -
::1 - - [03/Jun/2026 17:05:53] "GET /datasets/cards/pedestrian/cards-007.json HTTP/1.1" 200 -
::1 - - [03/Jun/2026 17:05:53] "GET /datasets/cards/pedestrian/cards-009.json HTTP/1.1" 200 -
::1 - - [03/Jun/2026 17:05:55] "GET /datasets/cards/pedestrian/cards-029.json HTTP/1.1" 200 -
::1 - - [03/Jun/2026 17:05:55] "GET /datasets/cards/pedestrian/cards-030.json HTTP/1.1" 200 -
::1 - - [03/Jun/2026 17:05:55] "GET /datasets/cards/pedestrian/cards-033.json HTTP/1.1" 200 -
::1 - - [03/Jun/2026 17:05:55] "GET /datasets/cards/pedestrian/cards-034.json HTTP/1.1" 200 -
::1 - - [03/Jun/2026 17:05:55] "GET /datasets/cards/pedestrian/cards-032.json HTTP/1.1" 200 -
::1 - - [03/Jun/2026 17:05:55] "GET /datasets/cards/pedestrian/cards-035.json HTTP/1.1" 200 -
::1 - - [03/Jun/2026 17:05:55] "GET /datasets/cards/pedestrian/cards-036.json HTTP/1.1" 200 -
::1 - - [03/Jun/2026 17:05:55] "GET /datasets/cards/pedestrian/cards-037.json HTTP/1.1" 200 -
::1 - - [03/Jun/2026 17:05:55] "GET /datasets/cards/pedestrian/cards-039.json HTTP/1.1" 200 -
::1 - - [03/Jun/2026 17:05:55] "GET /datasets/cards/pedestrian/cards-038.json HTTP/1.1" 200 -
::1 - - [03/Jun/2026 17:05:55] "GET /datasets/cards/pedestrian/cards-031.json HTTP/1.1" 200 -
::1 - - [03/Jun/2026 17:05:55] "GET /datasets/cards/pedestrian/cards-040.json HTTP/1.1" 200 -
::1 - - [03/Jun/2026 17:05:55] "GET /datasets/cards/pedestrian/cards-041.json HTTP/1.1" 200 -
::1 - - [03/Jun/2026 17:05:55] "GET /datasets/cards/pedestrian/cards-043.json HTTP/1.1" 200 -
::1 - - [03/Jun/2026 17:05:55] "GET /datasets/cards/pedestrian/cards-042.json HTTP/1.1" 200 -
::1 - - [03/Jun/2026 17:05:55] "GET /datasets/cards/pedestrian/cards-044.json HTTP/1.1" 200 -
::1 - - [03/Jun/2026 17:05:55] "GET /datasets/records/pedestrian/records-029.json HTTP/1.1" 200 -
::1 - - [03/Jun/2026 17:05:58] "GET /datasets/cards/pedestrian/cards-046.json HTTP/1.1" 200 -
::1 - - [03/Jun/2026 17:05:58] "GET /datasets/cards/pedestrian/cards-049.json HTTP/1.1" 200 -
::1 - - [03/Jun/2026 17:05:58] "GET /datasets/cards/pedestrian/cards-045.json HTTP/1.1" 200 -
::1 - - [03/Jun/2026 17:05:58] "GET /datasets/records/pedestrian/records-031.json HTTP/1.1" 200 -
::1 - - [03/Jun/2026 17:06:01] "GET /datasets/records/pedestrian/records-046.json HTTP/1.1" 200 -
::1 - - [03/Jun/2026 17:06:14] "GET /datasets/cards/pedestrian/cards-109.json HTTP/1.1" 200 -
::1 - - [03/Jun/2026 17:06:14] "GET /datasets/cards/pedestrian/cards-117.json HTTP/1.1" 200 -
::1 - - [03/Jun/2026 17:06:14] "GET /datasets/records/pedestrian/records-109.json HTTP/1.1" 200 -
::1 - - [03/Jun/2026 17:06:16] "GET /datasets/records/pedestrian/records-117.json HTTP/1.1" 200 -
::1 - - [03/Jun/2026 17:06:38] "GET /datasets/cards/pedestrian/cards-074.json HTTP/1.1" 200 -
::1 - - [03/Jun/2026 17:06:38] "GET /datasets/cards/pedestrian/cards-075.json HTTP/1.1" 200 -
::1 - - [03/Jun/2026 17:06:38] "GET /datasets/cards/pedestrian/cards-076.json HTTP/1.1" 200 -
::1 - - [03/Jun/2026 17:06:38] "GET /datasets/cards/pedestrian/cards-080.json HTTP/1.1" 200 -
::1 - - [03/Jun/2026 17:06:38] "GET /datasets/cards/pedestrian/cards-077.json HTTP/1.1" 200 -
::1 - - [03/Jun/2026 17:06:38] "GET /datasets/cards/pedestrian/cards-078.json HTTP/1.1" 200 -
::1 - - [03/Jun/2026 17:06:38] "GET /datasets/cards/pedestrian/cards-081.json HTTP/1.1" 200 -
::1 - - [03/Jun/2026 17:06:38] "GET /datasets/cards/pedestrian/cards-082.json HTTP/1.1" 200 -
::1 - - [03/Jun/2026 17:06:38] "GET /datasets/cards/pedestrian/cards-083.json HTTP/1.1" 200 -
::1 - - [03/Jun/2026 17:06:38] "GET /datasets/cards/pedestrian/cards-084.json HTTP/1.1" 200 -
::1 - - [03/Jun/2026 17:06:38] "GET /datasets/cards/pedestrian/cards-085.json HTTP/1.1" 200 -
::1 - - [03/Jun/2026 17:06:38] "GET /datasets/cards/pedestrian/cards-086.json HTTP/1.1" 200 -
::1 - - [03/Jun/2026 17:06:38] "GET /datasets/cards/pedestrian/cards-087.json HTTP/1.1" 200 -
::1 - - [03/Jun/2026 17:06:38] "GET /datasets/cards/pedestrian/cards-088.json HTTP/1.1" 200 -
::1 - - [03/Jun/2026 17:06:38] "GET /datasets/cards/pedestrian/cards-090.json HTTP/1.1" 200 -
::1 - - [03/Jun/2026 17:06:38] "GET /datasets/cards/pedestrian/cards-089.json HTTP/1.1" 200 -
::1 - - [03/Jun/2026 17:06:38] "GET /datasets/records/pedestrian/records-074.json HTTP/1.1" 200 -
::1 - - [03/Jun/2026 17:07:17] "GET /datasets/escooter.records-index.json HTTP/1.1" 304 -
::1 - - [03/Jun/2026 17:07:17] "GET /datasets/cards/escooter/cards-000.json HTTP/1.1" 304 -
::1 - - [03/Jun/2026 17:07:17] "GET /datasets/records/escooter/records-000.json HTTP/1.1" 304 -
::1 - - [03/Jun/2026 17:07:24] "GET / HTTP/1.1" 304 -
::1 - - [03/Jun/2026 17:07:24] "GET /style.css HTTP/1.1" 304 -
::1 - - [03/Jun/2026 17:07:24] "GET /app.js HTTP/1.1" 200 -
::1 - - [03/Jun/2026 17:07:24] "GET /datasets/index.json HTTP/1.1" 304 -
::1 - - [03/Jun/2026 17:07:24] "GET /datasets/escooter.summary.json HTTP/1.1" 304 -
::1 - - [03/Jun/2026 17:07:24] "GET /datasets/pedestrian.summary.json HTTP/1.1" 304 -
::1 - - [03/Jun/2026 17:10:11] "GET / HTTP/1.1" 200 -
::1 - - [03/Jun/2026 17:10:13] "GET / HTTP/1.1" 200 -
::1 - - [03/Jun/2026 17:10:13] "GET /style.css HTTP/1.1" 304 -
::1 - - [03/Jun/2026 17:10:13] "GET /app.js HTTP/1.1" 200 -
::1 - - [03/Jun/2026 17:10:13] "GET /datasets/index.json HTTP/1.1" 304 -
::1 - - [03/Jun/2026 17:10:13] "GET /datasets/escooter.summary.json HTTP/1.1" 304 -
::1 - - [03/Jun/2026 17:10:13] "GET /datasets/pedestrian.summary.json HTTP/1.1" 304 -
::1 - - [03/Jun/2026 17:10:15] "GET / HTTP/1.1" 304 -
::1 - - [03/Jun/2026 17:11:01] "GET / HTTP/1.1" 304 -
::1 - - [03/Jun/2026 17:11:01] "GET /app.js HTTP/1.1" 304 -
::1 - - [03/Jun/2026 17:11:13] "GET / HTTP/1.1" 304 -
::1 - - [03/Jun/2026 17:13:28] "GET / HTTP/1.1" 304 -
::1 - - [03/Jun/2026 17:13:30] "GET / HTTP/1.1" 304 -
::1 - - [03/Jun/2026 17:13:30] "GET /style.css HTTP/1.1" 200 -
::1 - - [03/Jun/2026 17:13:30] "GET /app.js HTTP/1.1" 304 -
::1 - - [03/Jun/2026 17:13:30] "GET /datasets/index.json HTTP/1.1" 304 -
::1 - - [03/Jun/2026 17:13:30] "GET /datasets/escooter.summary.json HTTP/1.1" 304 -
::1 - - [03/Jun/2026 17:13:30] "GET /datasets/pedestrian.summary.json HTTP/1.1" 304 -
::1 - - [03/Jun/2026 17:14:26] "GET /datasets/pedestrian.records-index.json HTTP/1.1" 304 -
::1 - - [03/Jun/2026 17:14:26] "GET /datasets/cards/pedestrian/cards-000.json HTTP/1.1" 304 -
::1 - - [03/Jun/2026 17:14:26] "GET /datasets/records/pedestrian/records-000.json HTTP/1.1" 304 -
::1 - - [03/Jun/2026 17:14:34] "GET / HTTP/1.1" 304 -
::1 - - [03/Jun/2026 17:14:34] "GET /app.js HTTP/1.1" 304 -
::1 - - [03/Jun/2026 17:14:34] "GET /style.css HTTP/1.1" 304 -
::1 - - [03/Jun/2026 17:17:41] "GET / HTTP/1.1" 304 -
::1 - - [03/Jun/2026 17:17:43] "GET / HTTP/1.1" 304 -
::1 - - [03/Jun/2026 17:17:43] "GET /style.css HTTP/1.1" 200 -
::1 - - [03/Jun/2026 17:17:43] "GET /app.js HTTP/1.1" 200 -
::1 - - [03/Jun/2026 17:17:43] "GET /datasets/index.json HTTP/1.1" 304 -
::1 - - [03/Jun/2026 17:17:43] "GET /datasets/pedestrian.summary.json HTTP/1.1" 304 -
::1 - - [03/Jun/2026 17:17:43] "GET /datasets/escooter.summary.json HTTP/1.1" 200 -
::1 - - [03/Jun/2026 17:17:46] "GET / HTTP/1.1" 304 -
::1 - - [03/Jun/2026 17:18:29] "GET / HTTP/1.1" 304 -
::1 - - [03/Jun/2026 17:18:29] "GET /style.css HTTP/1.1" 304 -
::1 - - [03/Jun/2026 17:18:29] "GET /app.js HTTP/1.1" 304 -
::1 - - [03/Jun/2026 17:18:29] "GET /datasets/escooter.summary.json HTTP/1.1" 304 -
::1 - - [03/Jun/2026 17:18:37] "GET / HTTP/1.1" 304 -
::1 - - [03/Jun/2026 17:18:44] "GET / HTTP/1.1" 304 -
::1 - - [03/Jun/2026 17:18:44] "GET /style.css HTTP/1.1" 304 -
::1 - - [03/Jun/2026 17:18:44] "GET /datasets/escooter.summary.json HTTP/1.1" 304 -
::1 - - [03/Jun/2026 17:19:54] "GET / HTTP/1.1" 304 -
::1 - - [03/Jun/2026 17:19:54] "GET /style.css HTTP/1.1" 304 -
::1 - - [03/Jun/2026 17:19:54] "GET /app.js HTTP/1.1" 304 -
::1 - - [03/Jun/2026 17:19:54] "GET /datasets/index.json HTTP/1.1" 304 -
::1 - - [03/Jun/2026 17:19:54] "GET /datasets/escooter.summary.json HTTP/1.1" 304 -
::1 - - [03/Jun/2026 17:19:54] "GET /datasets/pedestrian.summary.json HTTP/1.1" 304 -
::1 - - [03/Jun/2026 17:21:21] "GET / HTTP/1.1" 200 -
::1 - - [03/Jun/2026 17:21:21] "GET /style.css HTTP/1.1" 200 -
::1 - - [03/Jun/2026 17:21:21] "GET /app.js HTTP/1.1" 200 -
::1 - - [03/Jun/2026 17:21:24] "GET /datasets/index.json HTTP/1.1" 200 -
::1 - - [03/Jun/2026 17:21:24] "GET /datasets/escooter.summary.json HTTP/1.1" 200 -
::1 - - [03/Jun/2026 17:21:24] "GET /datasets/pedestrian.summary.json HTTP/1.1" 200 -
::1 - - [03/Jun/2026 17:21:25] "GET /datasets/pedestrian.records-index.json HTTP/1.1" 200 -
::1 - - [03/Jun/2026 17:21:26] "GET /datasets/cards/pedestrian/cards-000.json HTTP/1.1" 200 -
::1 - - [03/Jun/2026 17:21:26] "GET /datasets/records/pedestrian/records-000.json HTTP/1.1" 200 -
::1 - - [03/Jun/2026 17:22:03] "GET / HTTP/1.1" 304 -
::1 - - [03/Jun/2026 17:22:03] "GET /style.css HTTP/1.1" 304 -
::1 - - [03/Jun/2026 17:22:03] "GET /app.js HTTP/1.1" 304 -
::1 - - [03/Jun/2026 17:22:03] "GET /datasets/index.json HTTP/1.1" 200 -
::1 - - [03/Jun/2026 17:22:03] "GET /datasets/escooter.summary.json HTTP/1.1" 304 -
::1 - - [03/Jun/2026 17:22:03] "GET /datasets/pedestrian.summary.json HTTP/1.1" 200 -
::1 - - [03/Jun/2026 17:23:07] "GET / HTTP/1.1" 200 -
::1 - - [03/Jun/2026 17:23:07] "GET /style.css HTTP/1.1" 200 -
::1 - - [03/Jun/2026 17:23:07] "GET /app.js HTTP/1.1" 200 -
::1 - - [03/Jun/2026 17:23:07] "GET /datasets/index.json HTTP/1.1" 200 -
::1 - - [03/Jun/2026 17:23:07] "GET /datasets/escooter.summary.json HTTP/1.1" 200 -
::1 - - [03/Jun/2026 17:23:07] "GET /datasets/pedestrian.summary.json HTTP/1.1" 200 -
::1 - - [03/Jun/2026 17:24:08] "GET / HTTP/1.1" 200 -
::1 - - [03/Jun/2026 17:24:08] "GET /style.css HTTP/1.1" 200 -
::1 - - [03/Jun/2026 17:24:08] "GET /app.js HTTP/1.1" 200 -
::1 - - [03/Jun/2026 17:24:08] "GET /datasets/index.json HTTP/1.1" 200 -
::1 - - [03/Jun/2026 17:24:08] "GET /datasets/escooter.summary.json HTTP/1.1" 200 -
::1 - - [03/Jun/2026 17:24:08] "GET /datasets/pedestrian.summary.json HTTP/1.1" 200 -
::1 - - [03/Jun/2026 17:24:43] "GET / HTTP/1.1" 200 -
::1 - - [03/Jun/2026 17:24:43] "GET /style.css HTTP/1.1" 200 -
::1 - - [03/Jun/2026 17:24:43] "GET /app.js HTTP/1.1" 200 -
::1 - - [03/Jun/2026 17:24:43] "GET /datasets/index.json HTTP/1.1" 200 -
::1 - - [03/Jun/2026 17:24:43] "GET /datasets/escooter.summary.json HTTP/1.1" 200 -
::1 - - [03/Jun/2026 17:24:43] "GET /datasets/pedestrian.summary.json HTTP/1.1" 200 -
::1 - - [03/Jun/2026 17:25:07] "GET / HTTP/1.1" 304 -
::1 - - [03/Jun/2026 17:25:07] "GET /style.css HTTP/1.1" 304 -
::1 - - [03/Jun/2026 17:25:07] "GET /app.js HTTP/1.1" 304 -
::1 - - [03/Jun/2026 17:25:07] "GET /datasets/index.json HTTP/1.1" 304 -
::1 - - [03/Jun/2026 17:25:07] "GET /datasets/escooter.summary.json HTTP/1.1" 304 -
::1 - - [03/Jun/2026 17:25:07] "GET /datasets/pedestrian.summary.json HTTP/1.1" 304 -
::1 - - [03/Jun/2026 17:25:34] "GET / HTTP/1.1" 200 -
::1 - - [03/Jun/2026 17:25:34] "GET /style.css HTTP/1.1" 200 -
::1 - - [03/Jun/2026 17:25:34] "GET /app.js HTTP/1.1" 200 -
::1 - - [03/Jun/2026 17:25:34] "GET /datasets/index.json HTTP/1.1" 200 -
::1 - - [03/Jun/2026 17:25:34] "GET /datasets/pedestrian.summary.json HTTP/1.1" 200 -
::1 - - [03/Jun/2026 17:25:34] "GET /datasets/escooter.summary.json HTTP/1.1" 200 -
::1 - - [03/Jun/2026 17:25:35] "GET /datasets/pedestrian.records-index.json HTTP/1.1" 200 -
::1 - - [03/Jun/2026 17:25:35] "GET /datasets/cards/pedestrian/cards-000.json HTTP/1.1" 200 -
::1 - - [03/Jun/2026 17:25:35] "GET /datasets/records/pedestrian/records-000.json HTTP/1.1" 200 -
::1 - - [03/Jun/2026 17:25:35] "GET /datasets/pedestrian.records-index.json HTTP/1.1" 200 -
::1 - - [03/Jun/2026 17:25:35] "GET /datasets/pedestrian.records-index.json HTTP/1.1" 200 -
::1 - - [03/Jun/2026 17:25:35] "GET /datasets/records/pedestrian/records-000.json HTTP/1.1" 200 -
::1 - - [03/Jun/2026 17:25:35] "GET /datasets/cards/pedestrian/cards-000.json HTTP/1.1" 200 -
::1 - - [03/Jun/2026 17:25:44] "GET /datasets/records/pedestrian/records-026.json HTTP/1.1" 200 -
::1 - - [03/Jun/2026 17:25:56] "GET / HTTP/1.1" 200 -
::1 - - [03/Jun/2026 17:25:56] "GET /style.css HTTP/1.1" 200 -
::1 - - [03/Jun/2026 17:25:56] "GET /app.js HTTP/1.1" 200 -
::1 - - [03/Jun/2026 17:25:56] "GET /datasets/index.json HTTP/1.1" 200 -
::1 - - [03/Jun/2026 17:25:56] "GET /datasets/escooter.summary.json HTTP/1.1" 200 -
::1 - - [03/Jun/2026 17:25:56] "GET /datasets/pedestrian.summary.json HTTP/1.1" 200 -
::1 - - [03/Jun/2026 17:25:56] "GET /datasets/pedestrian.records-index.json HTTP/1.1" 200 -
::1 - - [03/Jun/2026 17:25:56] "GET /datasets/pedestrian.records-index.json HTTP/1.1" 200 -
::1 - - [03/Jun/2026 17:25:57] "GET /datasets/records/pedestrian/records-000.json HTTP/1.1" 200 -
::1 - - [03/Jun/2026 17:25:57] "GET /datasets/cards/pedestrian/cards-000.json HTTP/1.1" 200 -
::1 - - [03/Jun/2026 17:26:44] "GET / HTTP/1.1" 200 -
::1 - - [03/Jun/2026 17:26:44] "GET /style.css HTTP/1.1" 200 -
::1 - - [03/Jun/2026 17:26:44] "GET /app.js HTTP/1.1" 200 -
::1 - - [03/Jun/2026 17:26:44] "GET /datasets/index.json HTTP/1.1" 200 -
::1 - - [03/Jun/2026 17:26:44] "GET /datasets/escooter.summary.json HTTP/1.1" 200 -
::1 - - [03/Jun/2026 17:26:44] "GET /datasets/pedestrian.summary.json HTTP/1.1" 200 -
::1 - - [03/Jun/2026 17:26:44] "GET / HTTP/1.1" 200 -
::1 - - [03/Jun/2026 17:26:44] "GET /style.css HTTP/1.1" 200 -
::1 - - [03/Jun/2026 17:27:03] "GET / HTTP/1.1" 304 -
::1 - - [03/Jun/2026 17:27:03] "GET /style.css HTTP/1.1" 304 -
::1 - - [03/Jun/2026 17:27:03] "GET /app.js HTTP/1.1" 304 -
::1 - - [03/Jun/2026 17:27:03] "GET /datasets/index.json HTTP/1.1" 304 -
::1 - - [03/Jun/2026 17:27:03] "GET /datasets/escooter.summary.json HTTP/1.1" 304 -
::1 - - [03/Jun/2026 17:27:03] "GET /datasets/pedestrian.summary.json HTTP/1.1" 304 -
::1 - - [03/Jun/2026 17:29:11] "GET / HTTP/1.1" 304 -
::1 - - [03/Jun/2026 17:29:11] "GET /style.css HTTP/1.1" 304 -
::1 - - [03/Jun/2026 17:29:11] "GET /app.js HTTP/1.1" 304 -
::1 - - [03/Jun/2026 17:29:11] "GET /datasets/index.json HTTP/1.1" 304 -
::1 - - [03/Jun/2026 17:29:11] "GET /datasets/escooter.summary.json HTTP/1.1" 304 -
::1 - - [03/Jun/2026 17:29:11] "GET /datasets/pedestrian.summary.json HTTP/1.1" 304 -
